src/components/Sidebar.tsx(1,1): error TS6133: 'React' is declared but its value is never read.
src/index.tsx(2,1): error TS6133: 'React' is declared but its value is never read.
src/Layout/DashboardLayout.tsx(1,8): error TS6133: 'React' is declared but its value is never read.
src/Layout/DashboardLayout.tsx(21,9): error TS2322: Type '""' is not assignable to type 'View'.
src/pages/Dashboard/AdminHome/AdminHome.tsx(1,1): error TS6133: 'React' is declared but its value is never read.
src/pages/Dashboard/AdminHome/AdminHome.tsx(8,3): error TS6133: 'Clock' is declared but its value is never read.
src/pages/Dashboard/MenuView/MenuView.tsx(21,8): error TS2307: Cannot find module '../redux/features/menu/menuApi' or its corresponding type declarations.
src/pages/Dashboard/OrdersView/OrdersView.tsx(1,8): error TS6133: 'React' is declared but its value is never read.
src/pages/Dashboard/OrdersView/OrdersView.tsx(3,68): error TS2307: Cannot find module '../redux/features/order/orderApi' or its corresponding type declarations.
src/pages/Dashboard/ReservationsView/ReservationsView.tsx(1,1): error TS6133: 'React' is declared but its value is never read.
src/pages/Dashboard/ReservationsView/ReservationsView.tsx(3,80): error TS2307: Cannot find module '../redux/features/reservation/reservationApi' or its corresponding type declarations.
src/pages/Dashboard/TablesView/TablesView.tsx(9,8): error TS2307: Cannot find module '../redux/features/table/tableApi' or its corresponding type declarations.
src/pages/Frontend/RestaurantFrontend.tsx(1,38): error TS6133: 'memo' is declared but its value is never read.
src/pages/Frontend/RestaurantFrontend.tsx(21,24): error TS2307: Cannot find module '../ThreeScene/ThreeScene' or its corresponding type declarations.
src/pages/Frontend/RestaurantFrontend.tsx(22,32): error TS2307: Cannot find module '../AnimatedBackground' or its corresponding type declarations.
src/pages/Frontend/RestaurantFrontend.tsx(71,10): error TS6133: 'isMenuOpen' is declared but its value is never read.
src/pages/Frontend/RestaurantFrontend.tsx(71,22): error TS6133: 'setIsMenuOpen' is declared but its value is never read.
src/Routes/Routes.tsx(1,1): error TS6133: 'React' is declared but its value is never read.
